// Jest Snapshot v1, https://goo.gl/fbAQLP

exports[`Filters component Default state 1`] = `
<div
  className="filters"
>
  <h2
    className="filters__title"
  >
    Количество пересадок
  </h2>
  <ul>
    <li
      key="ALL"
    >
      <label
        className="filter"
        htmlFor="filter-ALL"
      >
        <input
          checked={true}
          className="filter__checkbox"
          id="filter-ALL"
          name="filter"
          onChange={[Function]}
          type="checkbox"
          value="ALL"
        />
        Все
      </label>
    </li>
    <li
      key="NO_TRANSFERS"
    >
      <label
        className="filter"
        htmlFor="filter-NO_TRANSFERS"
      >
        <input
          checked={true}
          className="filter__checkbox"
          id="filter-NO_TRANSFERS"
          name="filter"
          onChange={[Function]}
          type="checkbox"
          value="NO_TRANSFERS"
        />
        Без пересадок
      </label>
    </li>
    <li
      key="ONE_TRANSFER"
    >
      <label
        className="filter"
        htmlFor="filter-ONE_TRANSFER"
      >
        <input
          checked={true}
          className="filter__checkbox"
          id="filter-ONE_TRANSFER"
          name="filter"
          onChange={[Function]}
          type="checkbox"
          value="ONE_TRANSFER"
        />
        1 пересадка
      </label>
    </li>
    <li
      key="TWO_TRANSFERS"
    >
      <label
        className="filter"
        htmlFor="filter-TWO_TRANSFERS"
      >
        <input
          checked={true}
          className="filter__checkbox"
          id="filter-TWO_TRANSFERS"
          name="filter"
          onChange={[Function]}
          type="checkbox"
          value="TWO_TRANSFERS"
        />
        2 пересадки
      </label>
    </li>
    <li
      key="THREE_TRANSFERS"
    >
      <label
        className="filter"
        htmlFor="filter-THREE_TRANSFERS"
      >
        <input
          checked={true}
          className="filter__checkbox"
          id="filter-THREE_TRANSFERS"
          name="filter"
          onChange={[Function]}
          type="checkbox"
          value="THREE_TRANSFERS"
        />
        3 пересадки
      </label>
    </li>
  </ul>
</div>
`;
